// Jest Snapshot v1, https://goo.gl/fbAQLP

exports[`should render ExpenseDashboardPage correctly 1`] = `
<div>
  <Connect(ExpenseSummary) />
  <Connect(ExpenseListFilters) />
  <Connect(ExpenseListPage) />
  <p
    style={
      Object {
        "float": "right",
        "fontSize": "10px",
      }
    }
  >
    src/components/ExpenseDashboardPage.js
  </p>
</div>
`;
